// Jest Snapshot v1, https://goo.gl/fbAQLP

exports[`<Carousel /> with default props renders as expected 1`] = `ShallowWrapper {}`;
